// Jest Snapshot v1, https://goo.gl/fbAQLP

exports[`getDetails must return the media files 1`] = `
[
  {
    "apiFramework": undefined,
    "bitrate": "600",
    "codec": undefined,
    "delivery": "progressive",
    "height": "1080",
    "id": undefined,
    "maintainAspectRatio": "true",
    "maxBitrate": undefined,
    "minBitrate": undefined,
    "scalable": "true",
    "src": "https://test.example.com/test1920x1080.mp4",
    "type": "video/mp4",
    "universalAdId": "8465",
    "width": "1920",
  },
  {
    "apiFramework": undefined,
    "bitrate": "600",
    "codec": undefined,
    "delivery": "progressive",
    "height": "432",
    "id": undefined,
    "maintainAspectRatio": "true",
    "maxBitrate": undefined,
    "minBitrate": undefined,
    "scalable": "true",
    "src": "https://test.example.com/test768x432.mp4",
    "type": "video/mp4",
    "universalAdId": "8465",
    "width": "768",
  },
  {
    "apiFramework": undefined,
    "bitrate": "600",
    "codec": undefined,
    "delivery": "progressive",
    "height": "362",
    "id": undefined,
    "maintainAspectRatio": "true",
    "maxBitrate": undefined,
    "minBitrate": undefined,
    "scalable": "true",
    "src": "https://test.example.com/test640x362.mp4",
    "type": "video/mp4",
    "universalAdId": "8465",
    "width": "640",
  },
]
`;

exports[`getDetails must return the media files 2`] = `
[
  {
    "apiFramework": undefined,
    "bitrate": "600",
    "codec": undefined,
    "delivery": "progressive",
    "height": "1080",
    "id": undefined,
    "maintainAspectRatio": "true",
    "maxBitrate": undefined,
    "minBitrate": undefined,
    "scalable": "true",
    "src": "https://test.example.com/test1920x1080.mp4",
    "type": "video/mp4",
    "universalAdId": "8465",
    "width": "1920",
  },
  {
    "apiFramework": undefined,
    "bitrate": "600",
    "codec": undefined,
    "delivery": "progressive",
    "height": "432",
    "id": undefined,
    "maintainAspectRatio": "true",
    "maxBitrate": undefined,
    "minBitrate": undefined,
    "scalable": "true",
    "src": "https://test.example.com/test768x432.mp4",
    "type": "video/mp4",
    "universalAdId": "8465",
    "width": "768",
  },
  {
    "apiFramework": undefined,
    "bitrate": "600",
    "codec": undefined,
    "delivery": "progressive",
    "height": "362",
    "id": undefined,
    "maintainAspectRatio": "true",
    "maxBitrate": undefined,
    "minBitrate": undefined,
    "scalable": "true",
    "src": "https://test.example.com/test640x362.mp4",
    "type": "video/mp4",
    "universalAdId": "8465",
    "width": "640",
  },
]
`;
