// Jest Snapshot v1, https://goo.gl/fbAQLP

exports[`createIframe must return an empty Iframe element 1`] = `
<iframe
  loading="eager"
  sandbox="allow-forms allow-popups allow-scripts allow-same-origin"
  src="about:blank"
  style="margin: 0px; padding: 0px; width: 0px; height: 0px; position: absolute;"
/>
`;
